###############################################################################
#
# IAR ELF Linker V3.10.1.201 for STM8                     03/Aug/2018  09:32:49
# Copyright 2010-2017 IAR Systems AB.
#
#    Output file  =  
#        C:\Amit_Chaudhary\STM8S\Template_C\IAR\Debug\Exe\TemplateC.out
#    Map file     =  
#        C:\Amit_Chaudhary\STM8S\Template_C\IAR\Debug\List\TemplateC.map
#    Command line =  
#        -f C:\Users\achaudha\AppData\Local\Temp\EW1A3E.tmp
#        (C:\Amit_Chaudhary\STM8S\Template_C\IAR\Debug\Obj\GpioOutput.o
#        C:\Amit_Chaudhary\STM8S\Template_C\IAR\Debug\Obj\main.o
#        C:\Amit_Chaudhary\STM8S\Template_C\IAR\Debug\Obj\stm8s_adc1.o
#        C:\Amit_Chaudhary\STM8S\Template_C\IAR\Debug\Obj\stm8s_awu.o
#        C:\Amit_Chaudhary\STM8S\Template_C\IAR\Debug\Obj\stm8s_beep.o
#        C:\Amit_Chaudhary\STM8S\Template_C\IAR\Debug\Obj\stm8s_clk.o
#        C:\Amit_Chaudhary\STM8S\Template_C\IAR\Debug\Obj\stm8s_exti.o
#        C:\Amit_Chaudhary\STM8S\Template_C\IAR\Debug\Obj\stm8s_flash.o
#        C:\Amit_Chaudhary\STM8S\Template_C\IAR\Debug\Obj\stm8s_gpio.o
#        C:\Amit_Chaudhary\STM8S\Template_C\IAR\Debug\Obj\stm8s_i2c.o
#        C:\Amit_Chaudhary\STM8S\Template_C\IAR\Debug\Obj\stm8s_itc.o
#        C:\Amit_Chaudhary\STM8S\Template_C\IAR\Debug\Obj\stm8s_iwdg.o
#        C:\Amit_Chaudhary\STM8S\Template_C\IAR\Debug\Obj\stm8s_rst.o
#        C:\Amit_Chaudhary\STM8S\Template_C\IAR\Debug\Obj\stm8s_spi.o
#        C:\Amit_Chaudhary\STM8S\Template_C\IAR\Debug\Obj\stm8s_tim1.o
#        C:\Amit_Chaudhary\STM8S\Template_C\IAR\Debug\Obj\stm8s_tim2.o
#        C:\Amit_Chaudhary\STM8S\Template_C\IAR\Debug\Obj\stm8s_tim4.o
#        C:\Amit_Chaudhary\STM8S\Template_C\IAR\Debug\Obj\stm8s_uart1.o
#        C:\Amit_Chaudhary\STM8S\Template_C\IAR\Debug\Obj\stm8s_wwdg.o
#        --redirect _Printf=_PrintfFullNoMb --redirect _Scanf=_ScanfFullNoMb -o
#        C:\Amit_Chaudhary\STM8S\Template_C\IAR\Debug\Exe\TemplateC.out --map
#        C:\Amit_Chaudhary\STM8S\Template_C\IAR\Debug\List\TemplateC.map
#        --config "C:\Program Files (x86)\IAR Systems\Embedded Workbench
#        8.0\stm8\config\lnkstm8s103f3.icf" --config_def _CSTACK_SIZE=0x100
#        --config_def _HEAP_SIZE=0x100 --entry __iar_program_start --debug_lib)
#
###############################################################################

*******************************************************************************
*** RUNTIME MODEL ATTRIBUTES
***

__SystemLibrary            = DLib
__code_model               = small
__core                     = stm8
__data_model               = medium
__dlib_file_descriptor     = 0
__dlib_full_locale_support = 0
__rt_version               = 4


*******************************************************************************
*** PLACEMENT SUMMARY
***

"A0":  place at start of [0x000000-0x0000ff] { rw section .vregs };
"A1":  place at end of [0x000000-0x0003ff] { block CSTACK };
"P2":  place in [from 0x000000 to 0x0003ff] {
          block HEAP, rw section __DLIB_PERTHREAD, rw section .far.bss,
          rw section .far.data, rw section .far.noinit,
          rw section .far_func.textrw, rw section .huge.bss,
          rw section .huge.data, rw section .huge.noinit,
          rw section .huge_func.textrw, rw section .iar.dynexit,
          rw section .near.bss, rw section .near.data, rw section .near.noinit,
          rw section .near_func.textrw };
"A2":  place at start of [0x008000-0x009fff] { block INTVEC };
"P3":  place in [from 0x008000 to 0x009fff] {
          ro section __DLIB_PERTHREAD_init, ro section .far.data_init,
          ro section .far_func.textrw_init, ro section .huge.data_init,
          ro section .huge_func.textrw_init, ro section .iar.init_table,
          ro section .init_array, ro section .near.data_init,
          ro section .near.rodata, ro section .near_func.text,
          ro section .near_func.textrw_init, ro section .tiny.data_init,
          ro section .tiny.rodata_init };
"P4":  place in [from 0x008000 to 0x009fff] {
          ro section .far.rodata, ro section .far_func.text };
"P5":  place in [from 0x008000 to 0x009fff] {
          ro section .huge.rodata, ro section .huge_func.text };
do not initialize {
   rw section .eeprom.noinit, rw section .far.noinit, rw section .huge.noinit,
   rw section .near.noinit, rw section .tiny.noinit, rw section .vregs };
initialize by copy {
   rw section .far.bss, rw section .far.data, rw section .far_func.textrw,
   rw section .huge.bss, rw section .huge.data, rw section .huge_func.textrw,
   rw section .iar.dynexit, rw section .near.bss, rw section .near.data,
   rw section .near_func.textrw, rw section .tiny.bss, rw section .tiny.data,
   ro section .tiny.rodata };

  Section            Kind      Address   Size  Object
  -------            ----      -------   ----  ------
"A0":                                     0xc
  .vregs             uninit   0x000000    0xc  vregs.o [4]
                            - 0x00000c    0xc

"P2":                                     0xc
  P2-1                        0x00000c    0xc  <Init block>
    .near.data       inited   0x00000c    0xc  GpioOutput.o [1]
                            - 0x000018    0xc

"A1":                                   0x100
  CSTACK                      0x000300  0x100  <Block>
    CSTACK           uninit   0x000300  0x100  <Block tail>
                            - 0x000400  0x100

"A2":                                    0x80
  INTVEC                      0x008000   0x80  <Block>
    .intvec          const    0x008000   0x80  interrupt.o [4]
                            - 0x008080   0x80

"P3-P5":                                 0xe3
  .near_func.text    ro code  0x008080   0x34  main.o [1]
  .near_func.text    ro code  0x0080b4   0x28  init_small.o [4]
  .iar.init_table    const    0x0080dc    0xa  - Linker created -
  .near_func.text    ro code  0x0080e6   0x18  vreg_util.o [4]
  .near_func.text    ro code  0x0080fe   0x14  init.o [4]
  .near_func.text    ro code  0x008112   0x14  __dbg_xxexit.o [3]
  .near_func.text    ro code  0x008126   0x13  cstartup.o [4]
  Initializer bytes  const    0x008139    0xc  <for P2-1>
  .near_func.text    ro code  0x008145    0x5  cexit.o [4]
  .near_func.text    ro code  0x00814a    0x3  interrupt.o [4]
  .near_func.text    ro code  0x00814d    0x3  low_level_init.o [4]
  .near_func.text    ro code  0x008150    0x3  exit.o [4]
  .near_func.text    ro code  0x008153    0x3  unhandled_exception.o [4]
  .near_func.text    ro code  0x008156    0x2  GpioOutput.o [1]
  .near_func.text    ro code  0x008158    0x2  GpioOutput.o [1]
  .near_func.text    ro code  0x00815a    0x2  GpioOutput.o [1]
  .near_func.text    ro code  0x00815c    0x2  GpioOutput.o [1]
  .near_func.text    ro code  0x00815e    0x2  GpioOutput.o [1]
  .near_func.text    ro code  0x008160    0x2  GpioOutput.o [1]
  .near_func.text    ro code  0x008162    0x1  __dbg_break.o [3]
                            - 0x008163   0xe3


*******************************************************************************
*** INIT TABLE
***

          Address   Size
          -------   ----
Copy (__iar_copy_init2)
    1 source range, total size 0xc:
          0x008139   0xc
    1 destination range, total size 0xc:
          0x00000c   0xc



*******************************************************************************
*** MODULE SUMMARY
***

    Module                 ro code  ro data  rw data
    ------                 -------  -------  -------
C:\Amit_Chaudhary\STM8S\Template_C\IAR\Debug\Obj: [1]
    GpioOutput.o                12       12       12
    main.o                      52
    ------------------------------------------------
    Total:                      64       12       12

command line: [2]
    ------------------------------------------------
    Total:

dbgstm8smd.a: [3]
    __dbg_break.o                1
    __dbg_xxexit.o              20
    ------------------------------------------------
    Total:                      21

dlstm8smn.a: [4]
    cexit.o                      5
    cstartup.o                  19
    exit.o                       3
    init.o                      20
    init_small.o                40
    interrupt.o                  3      128
    low_level_init.o             3
    unhandled_exception.o        3
    vreg_util.o                 24
    vregs.o                                       12
    ------------------------------------------------
    Total:                     120      128       12

    Linker created                       10      256
----------------------------------------------------
    Grand Total:               205      150      280


*******************************************************************************
*** ENTRY LIST
***

Entry                    Address  Size  Type      Object
-----                    -------  ----  ----      ------
.iar.init_table$$Base   0x0080dc         --   Gb  - Linker created -
.iar.init_table$$Limit  0x0080e6         --   Gb  - Linker created -
?b0                     0x000000        Data  Gb  vregs.o [4]
?b1                     0x000001        Data  Gb  vregs.o [4]
?b10                    0x00000a        Data  Gb  vregs.o [4]
?b11                    0x00000b        Data  Gb  vregs.o [4]
?b2                     0x000002        Data  Gb  vregs.o [4]
?b3                     0x000003        Data  Gb  vregs.o [4]
?b4                     0x000004        Data  Gb  vregs.o [4]
?b5                     0x000005        Data  Gb  vregs.o [4]
?b6                     0x000006        Data  Gb  vregs.o [4]
?b7                     0x000007        Data  Gb  vregs.o [4]
?b8                     0x000008        Data  Gb  vregs.o [4]
?b9                     0x000009        Data  Gb  vregs.o [4]
?e0                     0x000001        Data  Gb  vregs.o [4]
?e1                     0x000005        Data  Gb  vregs.o [4]
?e2                     0x000009        Data  Gb  vregs.o [4]
?l0                     0x000000        Data  Gb  vregs.o [4]
?l1                     0x000004        Data  Gb  vregs.o [4]
?l2                     0x000008        Data  Gb  vregs.o [4]
?push_w4                0x0080e6        Code  Gb  vreg_util.o [4]
?w0                     0x000000        Data  Gb  vregs.o [4]
?w1                     0x000002        Data  Gb  vregs.o [4]
?w2                     0x000004        Data  Gb  vregs.o [4]
?w3                     0x000006        Data  Gb  vregs.o [4]
?w4                     0x000008        Data  Gb  vregs.o [4]
?w5                     0x00000a        Data  Gb  vregs.o [4]
CSTACK$$Base            0x000300         --   Gb  - Linker created -
CSTACK$$Limit           0x000400         --   Gb  - Linker created -
GpioOutputDriver        0x00000c   0xc  Data  Gb  GpioOutput.o [1]
GpioOutput_Initialize   0x008156   0x2  Code  Gb  GpioOutput.o [1]
GpioOutput_Off          0x00815c   0x2  Code  Gb  GpioOutput.o [1]
GpioOutput_On           0x00815a   0x2  Code  Gb  GpioOutput.o [1]
GpioOutput_ReadOutput   0x008160   0x2  Code  Gb  GpioOutput.o [1]
GpioOutput_Toggle       0x00815e   0x2  Code  Gb  GpioOutput.o [1]
GpioOutput_UnInitialize
                        0x008158   0x2  Code  Gb  GpioOutput.o [1]
INTVEC$$Base            0x008000         --   Gb  - Linker created -
INTVEC$$Limit           0x008080         --   Gb  - Linker created -
Region$$Table$$Base     0x0080dc         --   Gb  - Linker created -
Region$$Table$$Limit    0x0080e6         --   Gb  - Linker created -
__DebugBreak            0x008162   0x1  Code  Gb  __dbg_break.o [3]
__exit                  0x008112  0x14  Code  Gb  __dbg_xxexit.o [3]
__iar_copy_init2        0x0080b4        Code  Gb  init_small.o [4]
__iar_data_init2        0x0080fe  0x14  Code  Gb  init.o [4]
__iar_program_start     0x008126        Code  Gb  cstartup.o [4]
__iar_unhandled_exception
                        0x008153        Code  Gb  unhandled_exception.o [4]
__intvec                0x008000        Data  Gb  interrupt.o [4]
__low_level_init        0x00814d   0x3  Code  Gb  low_level_init.o [4]
_exit                   0x008145        Code  Gb  cexit.o [4]
exit                    0x008150   0x3  Code  Gb  exit.o [4]
main                    0x008080  0x34  Code  Gb  main.o [1]


[1] = C:\Amit_Chaudhary\STM8S\Template_C\IAR\Debug\Obj
[2] = command line
[3] = dbgstm8smd.a
[4] = dlstm8smn.a

  205 bytes of readonly  code memory
  150 bytes of readonly  data memory
  280 bytes of readwrite data memory

Errors: none
Warnings: none
