###############################################################################
#
# IAR ELF Linker V3.10.1.201 for STM8                     03/Aug/2018  10:50:52
# Copyright 2010-2017 IAR Systems AB.
#
#    Output file  =  
#        C:\Amit_Chaudhary\STM8S\Template_C\IAR\Debug\Exe\TemplateC.out
#    Map file     =  
#        C:\Amit_Chaudhary\STM8S\Template_C\IAR\Debug\List\TemplateC.map
#    Command line =  
#        -f C:\Users\achaudha\AppData\Local\Temp\EW90C6.tmp
#        (C:\Amit_Chaudhary\STM8S\Template_C\IAR\Debug\Obj\Gpio.o
#        C:\Amit_Chaudhary\STM8S\Template_C\IAR\Debug\Obj\main.o
#        C:\Amit_Chaudhary\STM8S\Template_C\IAR\Debug\Obj\stm8s_adc1.o
#        C:\Amit_Chaudhary\STM8S\Template_C\IAR\Debug\Obj\stm8s_awu.o
#        C:\Amit_Chaudhary\STM8S\Template_C\IAR\Debug\Obj\stm8s_beep.o
#        C:\Amit_Chaudhary\STM8S\Template_C\IAR\Debug\Obj\stm8s_clk.o
#        C:\Amit_Chaudhary\STM8S\Template_C\IAR\Debug\Obj\stm8s_exti.o
#        C:\Amit_Chaudhary\STM8S\Template_C\IAR\Debug\Obj\stm8s_flash.o
#        C:\Amit_Chaudhary\STM8S\Template_C\IAR\Debug\Obj\stm8s_gpio.o
#        C:\Amit_Chaudhary\STM8S\Template_C\IAR\Debug\Obj\stm8s_i2c.o
#        C:\Amit_Chaudhary\STM8S\Template_C\IAR\Debug\Obj\stm8s_itc.o
#        C:\Amit_Chaudhary\STM8S\Template_C\IAR\Debug\Obj\stm8s_iwdg.o
#        C:\Amit_Chaudhary\STM8S\Template_C\IAR\Debug\Obj\stm8s_rst.o
#        C:\Amit_Chaudhary\STM8S\Template_C\IAR\Debug\Obj\stm8s_spi.o
#        C:\Amit_Chaudhary\STM8S\Template_C\IAR\Debug\Obj\stm8s_tim1.o
#        C:\Amit_Chaudhary\STM8S\Template_C\IAR\Debug\Obj\stm8s_tim2.o
#        C:\Amit_Chaudhary\STM8S\Template_C\IAR\Debug\Obj\stm8s_tim4.o
#        C:\Amit_Chaudhary\STM8S\Template_C\IAR\Debug\Obj\stm8s_uart1.o
#        C:\Amit_Chaudhary\STM8S\Template_C\IAR\Debug\Obj\stm8s_wwdg.o
#        --redirect _Printf=_PrintfFullNoMb --redirect _Scanf=_ScanfFullNoMb -o
#        C:\Amit_Chaudhary\STM8S\Template_C\IAR\Debug\Exe\TemplateC.out --map
#        C:\Amit_Chaudhary\STM8S\Template_C\IAR\Debug\List\TemplateC.map
#        --config "C:\Program Files (x86)\IAR Systems\Embedded Workbench
#        8.0\stm8\config\lnkstm8s103f3.icf" --config_def _CSTACK_SIZE=0x100
#        --config_def _HEAP_SIZE=0x100 --entry __iar_program_start --debug_lib)
#
###############################################################################

*******************************************************************************
*** RUNTIME MODEL ATTRIBUTES
***

__SystemLibrary            = DLib
__code_model               = small
__core                     = stm8
__data_model               = medium
__dlib_file_descriptor     = 0
__dlib_full_locale_support = 0
__rt_version               = 4


*******************************************************************************
*** PLACEMENT SUMMARY
***

"A0":  place at start of [0x000000-0x0000ff] { rw section .vregs };
"A1":  place at end of [0x000000-0x0003ff] { block CSTACK };
"A2":  place at start of [0x008000-0x009fff] { block INTVEC };
"P3":  place in [from 0x008000 to 0x009fff] {
          ro section __DLIB_PERTHREAD_init, ro section .far.data_init,
          ro section .far_func.textrw_init, ro section .huge.data_init,
          ro section .huge_func.textrw_init, ro section .iar.init_table,
          ro section .init_array, ro section .near.data_init,
          ro section .near.rodata, ro section .near_func.text,
          ro section .near_func.textrw_init, ro section .tiny.data_init,
          ro section .tiny.rodata_init };
"P4":  place in [from 0x008000 to 0x009fff] {
          ro section .far.rodata, ro section .far_func.text };
"P5":  place in [from 0x008000 to 0x009fff] {
          ro section .huge.rodata, ro section .huge_func.text };
do not initialize {
   rw section .eeprom.noinit, rw section .far.noinit, rw section .huge.noinit,
   rw section .near.noinit, rw section .tiny.noinit, rw section .vregs };

  Section          Kind      Address   Size  Object
  -------          ----      -------   ----  ------
"A0":                                   0xc
  .vregs           uninit   0x000000    0xc  vregs.o [4]
                          - 0x00000c    0xc

"A1":                                 0x100
  CSTACK                    0x000300  0x100  <Block>
    CSTACK         uninit   0x000300  0x100  <Block tail>
                          - 0x000400  0x100

"A2":                                  0x80
  INTVEC                    0x008000   0x80  <Block>
    .intvec        const    0x008000   0x80  interrupt.o [4]
                          - 0x008080   0x80

"P3-P5":                              0x177
  .near_func.text  ro code  0x008080   0x8e  stm8s_gpio.o [1]
  .near_func.text  ro code  0x00810e   0x3c  main.o [1]
  .near_func.text  ro code  0x00814a   0x18  vreg_util.o [4]
  .near_func.text  ro code  0x008162   0x14  stm8s_gpio.o [1]
  .near_func.text  ro code  0x008176   0x14  init.o [4]
  .near_func.text  ro code  0x00818a   0x14  __dbg_xxexit.o [3]
  .near_func.text  ro code  0x00819e   0x13  cstartup.o [4]
  .near_func.text  ro code  0x0081b1    0xf  Gpio.o [1]
  .near.rodata     const    0x0081c0    0xe  Gpio.o [1]
  .near_func.text  ro code  0x0081ce    0x8  Gpio.o [1]
  .near_func.text  ro code  0x0081d6    0x8  Gpio.o [1]
  .near_func.text  ro code  0x0081de    0x5  Gpio.o [1]
  .near_func.text  ro code  0x0081e3    0x5  cexit.o [4]
  .near_func.text  ro code  0x0081e8    0x3  interrupt.o [4]
  .near_func.text  ro code  0x0081eb    0x3  low_level_init.o [4]
  .near_func.text  ro code  0x0081ee    0x3  exit.o [4]
  .near_func.text  ro code  0x0081f1    0x3  unhandled_exception.o [4]
  .near_func.text  ro code  0x0081f4    0x2  Gpio.o [1]
  .near_func.text  ro code  0x0081f6    0x1  __dbg_break.o [3]
                          - 0x0081f7  0x177



*******************************************************************************
*** MODULE SUMMARY
***

    Module                 ro code  ro data  rw data
    ------                 -------  -------  -------
C:\Amit_Chaudhary\STM8S\Template_C\IAR\Debug\Obj: [1]
    Gpio.o                      38       14
    main.o                      60
    stm8s_gpio.o               162
    ------------------------------------------------
    Total:                     260       14

command line: [2]
    ------------------------------------------------
    Total:

dbgstm8smd.a: [3]
    __dbg_break.o                1
    __dbg_xxexit.o              20
    ------------------------------------------------
    Total:                      21

dlstm8smn.a: [4]
    cexit.o                      5
    cstartup.o                  19
    exit.o                       3
    init.o                      20
    interrupt.o                  3      128
    low_level_init.o             3
    unhandled_exception.o        3
    vreg_util.o                 24
    vregs.o                                       12
    ------------------------------------------------
    Total:                      80      128       12

    Linker created                               256
----------------------------------------------------
    Grand Total:               361      142      268


*******************************************************************************
*** ENTRY LIST
***

Entry                    Address  Size  Type      Object
-----                    -------  ----  ----      ------
?b0                     0x000000        Data  Gb  vregs.o [4]
?b1                     0x000001        Data  Gb  vregs.o [4]
?b10                    0x00000a        Data  Gb  vregs.o [4]
?b11                    0x00000b        Data  Gb  vregs.o [4]
?b2                     0x000002        Data  Gb  vregs.o [4]
?b3                     0x000003        Data  Gb  vregs.o [4]
?b4                     0x000004        Data  Gb  vregs.o [4]
?b5                     0x000005        Data  Gb  vregs.o [4]
?b6                     0x000006        Data  Gb  vregs.o [4]
?b7                     0x000007        Data  Gb  vregs.o [4]
?b8                     0x000008        Data  Gb  vregs.o [4]
?b9                     0x000009        Data  Gb  vregs.o [4]
?e0                     0x000001        Data  Gb  vregs.o [4]
?e1                     0x000005        Data  Gb  vregs.o [4]
?e2                     0x000009        Data  Gb  vregs.o [4]
?l0                     0x000000        Data  Gb  vregs.o [4]
?l1                     0x000004        Data  Gb  vregs.o [4]
?l2                     0x000008        Data  Gb  vregs.o [4]
?push_w4                0x00814a        Code  Gb  vreg_util.o [4]
?w0                     0x000000        Data  Gb  vregs.o [4]
?w1                     0x000002        Data  Gb  vregs.o [4]
?w2                     0x000004        Data  Gb  vregs.o [4]
?w3                     0x000006        Data  Gb  vregs.o [4]
?w4                     0x000008        Data  Gb  vregs.o [4]
?w5                     0x00000a        Data  Gb  vregs.o [4]
CSTACK$$Base            0x000300         --   Gb  - Linker created -
CSTACK$$Limit           0x000400         --   Gb  - Linker created -
GPIO_DeInit             0x008162  0x14  Code  Gb  stm8s_gpio.o [1]
GPIO_Init               0x008080  0x8e  Code  Gb  stm8s_gpio.o [1]
GpioDrv                 0x0081c0   0xe  Data  Gb  Gpio.o [1]
Gpio_Off                0x0081de   0x5  Code  Gb  Gpio.o [1]
Gpio_On                 0x0081ce   0x8  Code  Gb  Gpio.o [1]
Gpio_ReadInput          0x0081b1   0xf  Code  Gb  Gpio.o [1]
Gpio_ReadOutput         0x0081f4   0x2  Code  Gb  Gpio.o [1]
Gpio_Toggle             0x0081d6   0x8  Code  Gb  Gpio.o [1]
INTVEC$$Base            0x008000         --   Gb  - Linker created -
INTVEC$$Limit           0x008080         --   Gb  - Linker created -
Region$$Table$$Base   0x00000000         --   Gb  - Linker created -
Region$$Table$$Limit  0x00000000         --   Gb  - Linker created -
__DebugBreak            0x0081f6   0x1  Code  Gb  __dbg_break.o [3]
__exit                  0x00818a  0x14  Code  Gb  __dbg_xxexit.o [3]
__iar_data_init2        0x008176  0x14  Code  Gb  init.o [4]
__iar_program_start     0x00819e        Code  Gb  cstartup.o [4]
__iar_unhandled_exception
                        0x0081f1        Code  Gb  unhandled_exception.o [4]
__intvec                0x008000        Data  Gb  interrupt.o [4]
__low_level_init        0x0081eb   0x3  Code  Gb  low_level_init.o [4]
_exit                   0x0081e3        Code  Gb  cexit.o [4]
exit                    0x0081ee   0x3  Code  Gb  exit.o [4]
main                    0x00810e  0x3c  Code  Gb  main.o [1]


[1] = C:\Amit_Chaudhary\STM8S\Template_C\IAR\Debug\Obj
[2] = command line
[3] = dbgstm8smd.a
[4] = dlstm8smn.a

  361 bytes of readonly  code memory
  142 bytes of readonly  data memory
  268 bytes of readwrite data memory

Errors: none
Warnings: none
